// Jest Snapshot v1, https://goo.gl/fbAQLP

exports[`Deve renderizar o snapshot da lista de links para compartilhamento 1`] = `
Array [
  <a
    data-testid="role-link-id"
    href=""
  >
    <img
      src="twitter.svg"
    />
  </a>,
  <a
    data-testid="role-link-id"
    href=""
  >
    <img
      src="facebook.svg"
    />
  </a>,
  <a
    data-testid="role-link-id"
    href=""
  >
    <img
      src="google.svg"
    />
  </a>,
]
`;
