// Jest Snapshot v1, https://goo.gl/fbAQLP

exports[`Deve renderizar o snapshot da lista de links presentes no componente 1`] = `
Array [
  <li>
    <a
      href="/licitacoes"
    >
      <p>
        Licitações
      </p>
    </a>
  </li>,
  <li>
    <a
      href="/sobrelicitacao"
    >
      <p>
        Sobre as Licitações
      </p>
    </a>
  </li>,
  <li>
    <a
      href="/sobrenos"
    >
      <p>
        Sobre a Equipe
      </p>
    </a>
  </li>,
  <li>
    <a
      href="/dashboard"
    >
      <p>
        Dashboard
      </p>
    </a>
  </li>,
]
`;
