// Jest Snapshot v1, https://goo.gl/fbAQLP

exports[`Deve renderizar o snapshot da lista de links do componente 1`] = `
Array [
  <li
    class="headerListItem"
  >
    <a
      class="headerLink"
      href="/licitacoes"
    >
      Licitações
    </a>
  </li>,
  <li
    class="headerListItem"
  >
    <a
      class="headerLink"
      href="/artigos"
    >
      Conheça o Projeto
    </a>
  </li>,
  <li
    class="headerListItem"
  >
    <a
      class="headerLink"
      href="/sobrenos"
    >
      Sobre Nós
    </a>
  </li>,
  <li
    class="headerListItem"
  >
    <a
      class="headerLink"
      href="/graficos"
    >
      Gráficos
    </a>
  </li>,
  <li
    class="headerListItem"
  >
    <a
      class="headerLink"
      href="/licitacoes"
    >
      Licitações
    </a>
  </li>,
  <li
    class="headerListItem"
  >
    <a
      class="headerLink"
      href="/artigos"
    >
      Conheça o Projeto
    </a>
  </li>,
  <li
    class="headerListItem"
  >
    <a
      class="headerLink"
      href="/sobrenos"
    >
      Sobre Nós
    </a>
  </li>,
  <li
    class="headerListItem"
  >
    <a
      class="headerLink"
      href="/graficos"
    >
      Gráficos
    </a>
  </li>,
]
`;
